Archive member included to satisfy reference by file (symbol)

/usr/lib/x86_64-linux-gnu/libc_nonshared.a(elf-init.oS)
                              /usr/lib/gcc/x86_64-linux-gnu/6/../../../x86_64-linux-gnu/Scrt1.o (__libc_csu_init)

Allocating common symbols
Common symbol       size              file

eigen_              0x30              theta_flow.o
mainve_             0x4ff30           vedaloss.o
los_                0x88              ecorr_veda.o
toto_               0x4               ecorr_veda.o
estrapo_            0x18              ecorr_veda.o
statevt_            0x18              ecorr_veda.o
perflowpvec_        0x1770            theta_flow.o

Discarded input sections

 .note.GNU-stack
                0x0000000000000000        0x0 /usr/lib/gcc/x86_64-linux-gnu/6/../../../x86_64-linux-gnu/Scrt1.o
 .note.GNU-stack
                0x0000000000000000        0x0 /usr/lib/gcc/x86_64-linux-gnu/6/../../../x86_64-linux-gnu/crti.o
 .note.GNU-stack
                0x0000000000000000        0x0 /usr/lib/gcc/x86_64-linux-gnu/6/crtbeginS.o
 .note.GNU-stack
                0x0000000000000000        0x0 vedaloss.o
 .note.GNU-stack
                0x0000000000000000        0x0 ecorr_veda.o
 .note.GNU-stack
                0x0000000000000000        0x0 theta_flow.o
 .group         0x0000000000000000        0x8 Classe_geo.o
 .group         0x0000000000000000        0x8 Classe_geo.o
 .group         0x0000000000000000        0x8 Classe_geo.o
 .group         0x0000000000000000        0x8 Classe_geo.o
 .group         0x0000000000000000        0xc Classe_geo.o
 .group         0x0000000000000000        0x8 Classe_geo.o
 .group         0x0000000000000000        0xc Classe_geo.o
 .group         0x0000000000000000        0x8 Classe_geo.o
 .note.GNU-stack
                0x0000000000000000        0x0 Classe_geo.o
 .group         0x0000000000000000        0x8 Classe_evento.o
 .group         0x0000000000000000        0x8 Classe_evento.o
 .group         0x0000000000000000        0x8 Classe_evento.o
 .group         0x0000000000000000        0x8 Classe_evento.o
 .group         0x0000000000000000        0x8 Classe_evento.o
 .group         0x0000000000000000        0x8 Classe_evento.o
 .group         0x0000000000000000        0x8 Classe_evento.o
 .group         0x0000000000000000        0x8 Classe_evento.o
 .group         0x0000000000000000        0x8 Classe_evento.o
 .group         0x0000000000000000        0x8 Classe_evento.o
 .group         0x0000000000000000        0x8 Classe_evento.o
 .group         0x0000000000000000        0x8 Classe_evento.o
 .group         0x0000000000000000        0x8 Classe_evento.o
 .group         0x0000000000000000        0x8 Classe_evento.o
 .group         0x0000000000000000        0x8 Classe_evento.o
 .group         0x0000000000000000        0x8 Classe_evento.o
 .group         0x0000000000000000        0x8 Classe_evento.o
 .group         0x0000000000000000        0x8 Classe_evento.o
 .group         0x0000000000000000        0x8 Classe_evento.o
 .group         0x0000000000000000        0x8 Classe_evento.o
 .group         0x0000000000000000        0x8 Classe_evento.o
 .group         0x0000000000000000        0x8 Classe_evento.o
 .group         0x0000000000000000        0x8 Classe_evento.o
 .group         0x0000000000000000        0x8 Classe_evento.o
 .group         0x0000000000000000        0x8 Classe_evento.o
 .group         0x0000000000000000        0x8 Classe_evento.o
 .group         0x0000000000000000        0x8 Classe_evento.o
 .group         0x0000000000000000        0x8 Classe_evento.o
 .group         0x0000000000000000        0x8 Classe_evento.o
 .group         0x0000000000000000        0x8 Classe_evento.o
 .group         0x0000000000000000        0x8 Classe_evento.o
 .group         0x0000000000000000        0x8 Classe_evento.o
 .group         0x0000000000000000        0x8 Classe_evento.o
 .group         0x0000000000000000        0x8 Classe_evento.o
 .group         0x0000000000000000        0x8 Classe_evento.o
 .group         0x0000000000000000        0x8 Classe_evento.o
 .text._ZNKSt5ctypeIcE8do_widenEc
                0x0000000000000000        0x3 Classe_evento.o
 .text._ZN14Classe_formule6polcarEfffPf
                0x0000000000000000       0xc2 Classe_evento.o
 .text._ZN5TMath4NintIfEEiT_
                0x0000000000000000       0x6c Classe_evento.o
 .data.DW.ref.__gxx_personality_v0
                0x0000000000000000        0x8 Classe_evento.o
 .note.GNU-stack
                0x0000000000000000        0x0 Classe_evento.o
 .group         0x0000000000000000        0x8 Classe_analisi.o
 .group         0x0000000000000000        0x8 Classe_analisi.o
 .group         0x0000000000000000        0x8 Classe_analisi.o
 .group         0x0000000000000000        0x8 Classe_analisi.o
 .group         0x0000000000000000        0x8 Classe_analisi.o
 .group         0x0000000000000000        0x8 Classe_analisi.o
 .group         0x0000000000000000        0x8 Classe_analisi.o
 .group         0x0000000000000000        0x8 Classe_analisi.o
 .group         0x0000000000000000        0x8 Classe_analisi.o
 .group         0x0000000000000000        0x8 Classe_analisi.o
 .text._ZNKSt5ctypeIcE8do_widenEc
                0x0000000000000000        0x3 Classe_analisi.o
 .text._ZNSt6vectorIS_IS_IS_IfSaIfEESaIS1_EESaIS3_EESaIS5_EED2Ev
                0x0000000000000000       0xbc Classe_analisi.o
 .data.DW.ref.__gxx_personality_v0
                0x0000000000000000        0x8 Classe_analisi.o
 .note.GNU-stack
                0x0000000000000000        0x0 Classe_analisi.o
 .note.GNU-stack
                0x0000000000000000        0x0 perdenc.o
 .group         0x0000000000000000        0x8 faianalisi.o
 .group         0x0000000000000000        0xc faianalisi.o
 .group         0x0000000000000000        0x8 faianalisi.o
 .text._ZNK6TNamed7GetNameEv
                0x0000000000000000       0x15 faianalisi.o
 .text._ZN6TNamedC2EPKcS1_
                0x0000000000000000       0x68 faianalisi.o
 .gcc_except_table._ZN6TNamedC2EPKcS1_
                0x0000000000000000       0x14 faianalisi.o
 .data.DW.ref.__gxx_personality_v0
                0x0000000000000000        0x8 faianalisi.o
 .note.GNU-stack
                0x0000000000000000        0x0 faianalisi.o
 .note.GNU-stack
                0x0000000000000000        0x0 relkin.o
 .note.GNU-stack
                0x0000000000000000        0x0 /usr/lib/x86_64-linux-gnu/libc_nonshared.a(elf-init.oS)
 .note.GNU-stack
                0x0000000000000000        0x0 /usr/lib/gcc/x86_64-linux-gnu/6/crtendS.o
 .note.GNU-stack
                0x0000000000000000        0x0 /usr/lib/gcc/x86_64-linux-gnu/6/../../../x86_64-linux-gnu/crtn.o

Memory Configuration

Name             Origin             Length             Attributes
*default*        0x0000000000000000 0xffffffffffffffff

Linker script and memory map

LOAD /usr/lib/gcc/x86_64-linux-gnu/6/../../../x86_64-linux-gnu/Scrt1.o
LOAD /usr/lib/gcc/x86_64-linux-gnu/6/../../../x86_64-linux-gnu/crti.o
LOAD /usr/lib/gcc/x86_64-linux-gnu/6/crtbeginS.o
LOAD vedaloss.o
LOAD ecorr_veda.o
LOAD theta_flow.o
LOAD Classe_geo.o
LOAD Classe_evento.o
LOAD Classe_analisi.o
LOAD perdenc.o
LOAD faianalisi.o
LOAD relkin.o
LOAD /home/camaiani/Software/install/ROOT_6.08.02/lib/libGui.so
LOAD /home/camaiani/Software/install/ROOT_6.08.02/lib/libCore.so
LOAD /home/camaiani/Software/install/ROOT_6.08.02/lib/libRIO.so
LOAD /home/camaiani/Software/install/ROOT_6.08.02/lib/libNet.so
LOAD /home/camaiani/Software/install/ROOT_6.08.02/lib/libHist.so
LOAD /home/camaiani/Software/install/ROOT_6.08.02/lib/libGraf.so
LOAD /home/camaiani/Software/install/ROOT_6.08.02/lib/libGraf3d.so
LOAD /home/camaiani/Software/install/ROOT_6.08.02/lib/libGpad.so
LOAD /home/camaiani/Software/install/ROOT_6.08.02/lib/libTree.so
LOAD /home/camaiani/Software/install/ROOT_6.08.02/lib/libRint.so
LOAD /home/camaiani/Software/install/ROOT_6.08.02/lib/libPostscript.so
LOAD /home/camaiani/Software/install/ROOT_6.08.02/lib/libMatrix.so
LOAD /home/camaiani/Software/install/ROOT_6.08.02/lib/libPhysics.so
LOAD /home/camaiani/Software/install/ROOT_6.08.02/lib/libMathCore.so
LOAD /home/camaiani/Software/install/ROOT_6.08.02/lib/libThread.so
LOAD /home/camaiani/Software/install/ROOT_6.08.02/lib/libMultiProc.so
LOAD /usr/lib/gcc/x86_64-linux-gnu/6/../../../x86_64-linux-gnu/libdl.so
LOAD /usr/lib/gcc/x86_64-linux-gnu/6/libgfortran.so
LOAD /usr/lib/gcc/x86_64-linux-gnu/6/libstdc++.so
LOAD /usr/lib/gcc/x86_64-linux-gnu/6/../../../x86_64-linux-gnu/libm.so
START GROUP
LOAD /lib/x86_64-linux-gnu/libm.so.6
LOAD /usr/lib/x86_64-linux-gnu/libmvec_nonshared.a
LOAD /lib/x86_64-linux-gnu/libmvec.so.1
END GROUP
LOAD /usr/lib/gcc/x86_64-linux-gnu/6/libgcc_s.so
START GROUP
LOAD /usr/lib/gcc/x86_64-linux-gnu/6/libgcc_s.so.1
LOAD /usr/lib/gcc/x86_64-linux-gnu/6/libgcc.a
END GROUP
LOAD /usr/lib/gcc/x86_64-linux-gnu/6/libgcc.a
LOAD /usr/lib/gcc/x86_64-linux-gnu/6/../../../x86_64-linux-gnu/libpthread.so
START GROUP
LOAD /lib/x86_64-linux-gnu/libpthread.so.0
LOAD /usr/lib/x86_64-linux-gnu/libpthread_nonshared.a
END GROUP
LOAD /usr/lib/gcc/x86_64-linux-gnu/6/../../../x86_64-linux-gnu/libc.so
START GROUP
LOAD /lib/x86_64-linux-gnu/libc.so.6
LOAD /usr/lib/x86_64-linux-gnu/libc_nonshared.a
LOAD /lib/x86_64-linux-gnu/ld-linux-x86-64.so.2
END GROUP
LOAD /usr/lib/gcc/x86_64-linux-gnu/6/libgcc_s.so
START GROUP
LOAD /usr/lib/gcc/x86_64-linux-gnu/6/libgcc_s.so.1
LOAD /usr/lib/gcc/x86_64-linux-gnu/6/libgcc.a
END GROUP
LOAD /usr/lib/gcc/x86_64-linux-gnu/6/libgcc.a
LOAD /usr/lib/gcc/x86_64-linux-gnu/6/crtendS.o
LOAD /usr/lib/gcc/x86_64-linux-gnu/6/../../../x86_64-linux-gnu/crtn.o
                [!provide]                        PROVIDE (__executable_start, SEGMENT_START ("text-segment", 0x0))
                0x0000000000000238                . = (SEGMENT_START ("text-segment", 0x0) + SIZEOF_HEADERS)

.interp         0x0000000000000238       0x1c
 *(.interp)
 .interp        0x0000000000000238       0x1c /usr/lib/gcc/x86_64-linux-gnu/6/../../../x86_64-linux-gnu/Scrt1.o

.note.ABI-tag   0x0000000000000254       0x20
 .note.ABI-tag  0x0000000000000254       0x20 /usr/lib/gcc/x86_64-linux-gnu/6/../../../x86_64-linux-gnu/Scrt1.o

.note.gnu.build-id
                0x0000000000000274       0x24
 *(.note.gnu.build-id)
 .note.gnu.build-id
                0x0000000000000274       0x24 /usr/lib/gcc/x86_64-linux-gnu/6/../../../x86_64-linux-gnu/Scrt1.o

.hash
 *(.hash)

.gnu.hash       0x0000000000000298      0x740
 *(.gnu.hash)
 .gnu.hash      0x0000000000000298      0x740 /usr/lib/gcc/x86_64-linux-gnu/6/../../../x86_64-linux-gnu/Scrt1.o

.dynsym         0x00000000000009d8     0x1da0
 *(.dynsym)
 .dynsym        0x00000000000009d8     0x1da0 /usr/lib/gcc/x86_64-linux-gnu/6/../../../x86_64-linux-gnu/Scrt1.o

.dynstr         0x0000000000002778     0x2135
 *(.dynstr)
 .dynstr        0x0000000000002778     0x2135 /usr/lib/gcc/x86_64-linux-gnu/6/../../../x86_64-linux-gnu/Scrt1.o

.gnu.version    0x00000000000048ae      0x278
 *(.gnu.version)
 .gnu.version   0x00000000000048ae      0x278 /usr/lib/gcc/x86_64-linux-gnu/6/../../../x86_64-linux-gnu/Scrt1.o

.gnu.version_d  0x0000000000004b28        0x0
 *(.gnu.version_d)
 .gnu.version_d
                0x0000000000004b28        0x0 /usr/lib/gcc/x86_64-linux-gnu/6/../../../x86_64-linux-gnu/Scrt1.o

.gnu.version_r  0x0000000000004b28      0x140
 *(.gnu.version_r)
 .gnu.version_r
                0x0000000000004b28      0x140 /usr/lib/gcc/x86_64-linux-gnu/6/../../../x86_64-linux-gnu/Scrt1.o

.rela.dyn       0x0000000000004c68      0x288
 *(.rela.init)
 *(.rela.text .rela.text.* .rela.gnu.linkonce.t.*)
 .rela.text     0x0000000000004c68        0x0 /usr/lib/gcc/x86_64-linux-gnu/6/../../../x86_64-linux-gnu/Scrt1.o
 .rela.text._ZN6TNamedC2EPKcS1_
                0x0000000000004c68        0x0 /usr/lib/gcc/x86_64-linux-gnu/6/../../../x86_64-linux-gnu/Scrt1.o
 .rela.text._ZNSt6vectorIS_IS_IS_IfSaIfEESaIS1_EESaIS3_EESaIS5_EEC2ERKS7_
                0x0000000000004c68        0x0 /usr/lib/gcc/x86_64-linux-gnu/6/../../../x86_64-linux-gnu/Scrt1.o
 .rela.text._ZN5TTree16SetBranchAddressIjEEiPKcPT_PP7TBranch
                0x0000000000004c68        0x0 /usr/lib/gcc/x86_64-linux-gnu/6/../../../x86_64-linux-gnu/Scrt1.o
 .rela.text._ZN5TTree16SetBranchAddressIfEEiPKcPT_PP7TBranch
                0x0000000000004c68        0x0 /usr/lib/gcc/x86_64-linux-gnu/6/../../../x86_64-linux-gnu/Scrt1.o
 .rela.text._ZN5TTree16SetBranchAddressIiEEiPKcPT_PP7TBranch
                0x0000000000004c68        0x0 /usr/lib/gcc/x86_64-linux-gnu/6/../../../x86_64-linux-gnu/Scrt1.o
 .rela.text._ZN5TTree16SetBranchAddressIA1000_iEEiPKcPT_PP7TBranch
                0x0000000000004c68        0x0 /usr/lib/gcc/x86_64-linux-gnu/6/../../../x86_64-linux-gnu/Scrt1.o
 .rela.text._ZN5TTree16SetBranchAddressIA1000_fEEiPKcPT_PP7TBranch
                0x0000000000004c68        0x0 /usr/lib/gcc/x86_64-linux-gnu/6/../../../x86_64-linux-gnu/Scrt1.o
 .rela.text._ZNSt6vectorIS_IfSaIfEESaIS1_EE9push_backERKS1_
                0x0000000000004c68        0x0 /usr/lib/gcc/x86_64-linux-gnu/6/../../../x86_64-linux-gnu/Scrt1.o
 .rela.text._ZNSt6vectorIiSaIiEE12emplace_backIJiEEEvDpOT_
                0x0000000000004c68        0x0 /usr/lib/gcc/x86_64-linux-gnu/6/../../../x86_64-linux-gnu/Scrt1.o
 .rela.text._ZNSt6vectorIiSaIiEE9push_backERKi
                0x0000000000004c68        0x0 /usr/lib/gcc/x86_64-linux-gnu/6/../../../x86_64-linux-gnu/Scrt1.o
 .rela.text._ZNSt6vectorIfSaIfEE12emplace_backIJfEEEvDpOT_
                0x0000000000004c68        0x0 /usr/lib/gcc/x86_64-linux-gnu/6/../../../x86_64-linux-gnu/Scrt1.o
 .rela.text._ZNSt6vectorIfSaIfEE9push_backERKf
                0x0000000000004c68        0x0 /usr/lib/gcc/x86_64-linux-gnu/6/../../../x86_64-linux-gnu/Scrt1.o
 .rela.text._ZNSt6vectorIS_IfSaIfEESaIS1_EEaSERKS3_
                0x0000000000004c68        0x0 /usr/lib/gcc/x86_64-linux-gnu/6/../../../x86_64-linux-gnu/Scrt1.o
 .rela.text._ZSt16__introsort_loopIPilN9__gnu_cxx5__ops15_Iter_comp_iterI11CompareDescIPKiEEEEvT_S9_T0_T1_
                0x0000000000004c68        0x0 /usr/lib/gcc/x86_64-linux-gnu/6/../../../x86_64-linux-gnu/Scrt1.o
 .rela.text._ZSt16__introsort_loopIPilN9__gnu_cxx5__ops15_Iter_comp_iterI10CompareAscIPKiEEEEvT_S9_T0_T1_
                0x0000000000004c68        0x0 /usr/lib/gcc/x86_64-linux-gnu/6/../../../x86_64-linux-gnu/Scrt1.o
 .rela.text._ZN5TMath4SortIiiEEvT0_PKT_PS1_b
                0x0000000000004c68        0x0 /usr/lib/gcc/x86_64-linux-gnu/6/../../../x86_64-linux-gnu/Scrt1.o
 .rela.text.startup
                0x0000000000004c68        0x0 /usr/lib/gcc/x86_64-linux-gnu/6/../../../x86_64-linux-gnu/Scrt1.o
 *(.rela.fini)
 *(.rela.rodata .rela.rodata.* .rela.gnu.linkonce.r.*)
 *(.rela.data .rela.data.* .rela.gnu.linkonce.d.*)
 .rela.data.rel.ro
                0x0000000000004c68       0x90 /usr/lib/gcc/x86_64-linux-gnu/6/../../../x86_64-linux-gnu/Scrt1.o
 .rela.data.rel.local
                0x0000000000004cf8       0x18 /usr/lib/gcc/x86_64-linux-gnu/6/../../../x86_64-linux-gnu/Scrt1.o
 .rela.data.DW.ref.__gxx_personality_v0
                0x0000000000004d10       0x18 /usr/lib/gcc/x86_64-linux-gnu/6/../../../x86_64-linux-gnu/Scrt1.o
 .rela.data.rel.ro._ZTIA1000_i
                0x0000000000004d28       0x30 /usr/lib/gcc/x86_64-linux-gnu/6/../../../x86_64-linux-gnu/Scrt1.o
 .rela.data.rel.ro._ZTIA1000_f
                0x0000000000004d58       0x30 /usr/lib/gcc/x86_64-linux-gnu/6/../../../x86_64-linux-gnu/Scrt1.o
 *(.rela.tdata .rela.tdata.* .rela.gnu.linkonce.td.*)
 *(.rela.tbss .rela.tbss.* .rela.gnu.linkonce.tb.*)
 *(.rela.ctors)
 *(.rela.dtors)
 *(.rela.got)
 .rela.got      0x0000000000004d88       0xa8 /usr/lib/gcc/x86_64-linux-gnu/6/../../../x86_64-linux-gnu/Scrt1.o
 *(.rela.bss .rela.bss.* .rela.gnu.linkonce.b.*)
 .rela.bss      0x0000000000004e30       0x30 /usr/lib/gcc/x86_64-linux-gnu/6/../../../x86_64-linux-gnu/Scrt1.o
 *(.rela.ldata .rela.ldata.* .rela.gnu.linkonce.l.*)
 *(.rela.lbss .rela.lbss.* .rela.gnu.linkonce.lb.*)
 *(.rela.lrodata .rela.lrodata.* .rela.gnu.linkonce.lr.*)
 *(.rela.ifunc)
 .rela.fini_array
                0x0000000000004e60       0x18 /usr/lib/gcc/x86_64-linux-gnu/6/../../../x86_64-linux-gnu/Scrt1.o
 .rela.init_array
                0x0000000000004e78       0x78 /usr/lib/gcc/x86_64-linux-gnu/6/../../../x86_64-linux-gnu/Scrt1.o
 .rela.eh_frame
                0x0000000000004ef0        0x0 /usr/lib/gcc/x86_64-linux-gnu/6/../../../x86_64-linux-gnu/Scrt1.o

.rela.plt       0x0000000000004ef0      0xa08
 *(.rela.plt)
 .rela.plt      0x0000000000004ef0      0xa08 /usr/lib/gcc/x86_64-linux-gnu/6/../../../x86_64-linux-gnu/Scrt1.o
                [!provide]                        PROVIDE (__rela_iplt_start, .)
 *(.rela.iplt)
                [!provide]                        PROVIDE (__rela_iplt_end, .)

.init           0x00000000000058f8       0x17
 *(SORT(.init))
 .init          0x00000000000058f8       0x12 /usr/lib/gcc/x86_64-linux-gnu/6/../../../x86_64-linux-gnu/crti.o
                0x00000000000058f8                _init
 .init          0x000000000000590a        0x5 /usr/lib/gcc/x86_64-linux-gnu/6/../../../x86_64-linux-gnu/crtn.o

.plt            0x0000000000005910      0x6c0
 *(.plt)
 .plt           0x0000000000005910      0x6c0 /usr/lib/gcc/x86_64-linux-gnu/6/../../../x86_64-linux-gnu/Scrt1.o
 *(.iplt)

.plt.got        0x0000000000005fd0        0x8
 *(.plt.got)
 .plt.got       0x0000000000005fd0        0x8 /usr/lib/gcc/x86_64-linux-gnu/6/../../../x86_64-linux-gnu/Scrt1.o

.plt.bnd
 *(.plt.bnd)

.text           0x0000000000005fe0    0x478e2
 *(.text.unlikely .text.*_unlikely .text.unlikely.*)
 *(.text.exit .text.exit.*)
 *(.text.startup .text.startup.*)
 .text.startup  0x0000000000005fe0       0x3f Classe_geo.o
 *fill*         0x000000000000601f        0x1 
 .text.startup  0x0000000000006020       0x3f Classe_evento.o
 *fill*         0x000000000000605f        0x1 
 .text.startup  0x0000000000006060       0x3f Classe_analisi.o
 *fill*         0x000000000000609f        0x1 
 .text.startup  0x00000000000060a0     0x1a79 faianalisi.o
                0x00000000000060e0                main
 *(.text.hot .text.hot.*)
 *(.text .stub .text.* .gnu.linkonce.t.*)
 *fill*         0x0000000000007b19        0x7 
 .text          0x0000000000007b20       0x2b /usr/lib/gcc/x86_64-linux-gnu/6/../../../x86_64-linux-gnu/Scrt1.o
                0x0000000000007b20                _start
 .text          0x0000000000007b4b        0x0 /usr/lib/gcc/x86_64-linux-gnu/6/../../../x86_64-linux-gnu/crti.o
 *fill*         0x0000000000007b4b        0x5 
 .text          0x0000000000007b50      0x100 /usr/lib/gcc/x86_64-linux-gnu/6/crtbeginS.o
 .text          0x0000000000007c50      0xeba vedaloss.o
                0x0000000000007c50                loss_init_
                0x00000000000089f0                vedaloss_
 *fill*         0x0000000000008b0a        0x6 
 .text          0x0000000000008b10     0x1ee7 ecorr_veda.o
                0x0000000000008b10                set_thickness_
                0x0000000000008c60                get_param_
                0x0000000000008ed0                eloss_
                0x0000000000009440                param_
                0x0000000000009510                fast_param_
                0x0000000000009570                delta_
                0x0000000000009a20                ecorr_veda_
                0x0000000000009e20                get_thickness_
                0x0000000000009f50                range_
                0x000000000000a110                set_gaz_param_
                0x000000000000a160                error_code_
                0x000000000000a660                exitp_
                0x000000000000a670                de_vedaloss_
 *fill*         0x000000000000a9f7        0x9 
 .text          0x000000000000aa00     0x2bfa theta_flow.o
                0x000000000000aa00                iim_
                0x000000000000b3d0                deccrm_
                0x000000000000b610                vamr_
                0x000000000000bd90                epmri_
                0x000000000000c1a0                data_
                0x000000000000c1d0                scaprod_
                0x000000000000c200                findeigen_
                0x000000000000c380                findlargest_
                0x000000000000c3d0                mulmatrix_
                0x000000000000c470                thetaflow_
                0x000000000000c690                calcola_autovec_
 *fill*         0x000000000000d5fa        0x6 
 .text          0x000000000000d600    0x16775 Classe_geo.o
                0x000000000000d600                Classe_geo::E2Luce_csi(double, double, double)
                0x000000000000d740                Classe_geo::Luce2E_csi(double, double, double)
                0x000000000000d8b0                Classe_geo::vedaloss()
                0x000000000000d8c0                Classe_geo::ecorr_veda(float*, float*, float*, float*, float*, float*, int*, float*, int*, int*, float*)
                0x000000000000d910                Classe_geo::prova()
                0x000000000000d920                Classe_geo::Getgeo()
                0x000000000000ede0                Classe_geo::InsidePhos(float, float, float, float*, int*)
                0x000000000000f190                Classe_geo::InsideFazietto(float, float, float, float*, int*)
                0x000000000000f8c0                Classe_geo::InsideHector(float, float, float*, int*)
                0x000000000000fc60                Classe_geo::InsideGarf(float, float, float, int*, int*)
                0x0000000000010170                Classe_geo::Spalma_Fazietto(float, float*, float*, float*)
                0x00000000000104d0                Classe_geo::Soglie_Hector(float, float, float, float, float, float*, float*, float*, float*)
                0x0000000000010630                Classe_geo::Spalma_Garfield(float, float*, float*, int)
                0x0000000000010b40                Classe_geo::Spalma_Phos(float, float*, float*, float*)
                0x0000000000010e80                Classe_geo::Spalma_Hector(int, float*, float*, float*)
                0x0000000000011160                Classe_geo::calcolaGARF(int, int, int, double*, double*, double*, double*, double*)
                0x0000000000011ac0                Classe_geo::calcolaRCO(int, int, int, int, double*, double*, double*, double*, double*, int*)
                0x0000000000012610                scrivi_ric(_IO_FILE*, Nodo*, int, int, int, int, int)
                0x0000000000012810                leggi_ric(_IO_FILE*, Nodo*)
                0x00000000000129f0                Classe_geo::TabellaPerdite(char*)
                0x0000000000012fc0                Classe_geo::TabellaPerditeRCO(char*)
                0x0000000000013600                Classe_geo::Range(float, float, float, int)
                0x00000000000138d0                Classe_geo::DE2E(float, float, float, int, float)
                0x0000000000013950                Classe_geo::Epunch(float, float, float, int)
                0x0000000000013c30                Classe_geo::Soglie_Phos(float, float, float, float, float, float, float*, float*, float*)
                0x00000000000147b0                Classe_geo::Soglie_Fazietto(float, float, float, float, int, float*, float*, float*, int*)
                0x0000000000015990                Classe_geo::CalcoloEGarf(int, int, float, float, float, int)
                0x0000000000016a30                Classe_geo::Soglie_Garfield(float, float, float, float, int, float*, float*, float*, float*, float*, float*, float*, int*, int)
                0x0000000000017610                Classe_geo::CalcoloERCO(int, int, float, float, float, int, int)
                0x0000000000019480                Classe_geo::Soglie_RCO(float, float, float, float, float, int*, float*, float*, float*, float*, float*, float*, float*, float*)
                0x000000000001a850                Classe_geo::InizializzaRCO()
                0x000000000001b380                Classe_geo::InsideRCO(float, float, float, int*)
                0x000000000001bce0                Classe_geo::SpalmaRCO(int, int, int, float*, float*)
                0x000000000001de60                Classe_geo::Leggigeo(char*)
 *fill*         0x0000000000023d75        0xb 
 .text._ZNKSt5ctypeIcE8do_widenEc
                0x0000000000023d80        0x3 Classe_geo.o
                0x0000000000023d80                std::ctype<char>::do_widen(char) const
 *fill*         0x0000000000023d83        0xd 
 .text._ZN7TRandom4RndmEi
                0x0000000000023d90        0x5 Classe_geo.o
                0x0000000000023d90                TRandom::Rndm(int)
 *fill*         0x0000000000023d95        0xb 
 .text._ZNK7TString8ContainsEPKcNS_12ECaseCompareE
                0x0000000000023da0       0x44 Classe_geo.o
                0x0000000000023da0                TString::Contains(char const*, TString::ECaseCompare) const
 *fill*         0x0000000000023de4        0xc 
 .text._ZN14Classe_formule6polcarEfffPf
                0x0000000000023df0       0xc2 Classe_geo.o
                0x0000000000023df0                Classe_formule::polcar(float, float, float, float*)
 *fill*         0x0000000000023eb2        0xe 
 .text._ZN14Classe_formule6QualeAEi
                0x0000000000023ec0       0xf6 Classe_geo.o
                0x0000000000023ec0                Classe_formule::QualeA(int)
 *fill*         0x0000000000023fb6        0xa 
 .text._ZN5TMath4NintIfEEiT_
                0x0000000000023fc0       0x6c Classe_geo.o
                0x0000000000023fc0                int TMath::Nint<float>(float)
 *fill*         0x000000000002402c        0x4 
 .text._ZN6TNamedC2EPKcS1_
                0x0000000000024030       0x68 Classe_geo.o
                0x0000000000024030                TNamed::TNamed(char const*, char const*)
                0x0000000000024030                TNamed::TNamed(char const*, char const*)
 *fill*         0x0000000000024098        0x8 
 .text          0x00000000000240a0    0x1df0c Classe_evento.o
                0x0000000000024460                fillh(std::__cxx11::basic_string<char, std::char_traits<char>, std::allocator<char> >, double, double)
                0x0000000000024640                fillh(std::__cxx11::basic_string<char, std::char_traits<char>, std::allocator<char> >, double, double, double)
                0x0000000000024840                geth1(std::__cxx11::basic_string<char, std::char_traits<char>, std::allocator<char> >)
                0x0000000000024a00                geth2(std::__cxx11::basic_string<char, std::char_traits<char>, std::allocator<char> >)
                0x0000000000024bc0                getg(std::__cxx11::basic_string<char, std::char_traits<char>, std::allocator<char> >)
                0x0000000000024d80                Classe_analisi::RoutineFinale()
                0x0000000000024d90                nsuz(TH1F*, TGraphErrors*, TGraphErrors**)
                0x0000000000025390                ordinisup(TH1F*, TGraphErrors*, TGraphErrors*)
                0x00000000000256a0                nsuz0(TH1F*, TGraphErrors*)
                0x0000000000025aa0                Classe_evento::AzzeraEvento()
                0x0000000000026720                Classe_evento::NoeffettiExp()
                0x0000000000026ad0                Classe_evento::Escludi_Multiple_Hits()
                0x0000000000026c70                Classe_evento::Correggi_Tempo_Phos(int, int, int)
                0x000000000002a270                Classe_evento::Riporto()
                0x000000000002a650                Classe_evento::RiportoGarfRCo()
                0x000000000002b2f0                Classe_evento::Leggievento()
                0x000000000002da60                Classe_evento::thetarelmix(int, std::vector<std::vector<std::vector<std::vector<float, std::allocator<float> >, std::allocator<std::vector<float, std::allocator<float> > > >, std::allocator<std::vector<std::vector<float, std::allocator<float> >, std::allocator<std::vector<float, std::allocator<float> > > > > >, std::allocator<std::vector<std::vector<std::vector<float, std::allocator<float> >, std::allocator<std::vector<float, std::allocator<float> > > >, std::allocator<std::vector<std::vector<float, std::allocator<float> >, std::allocator<std::vector<float, std::allocator<float> > > > > > > >, std::vector<std::vector<float, std::allocator<float> >, std::allocator<std::vector<float, std::allocator<float> > > >, std::vector<std::vector<float, std::allocator<float> >, std::allocator<std::vector<float, std::allocator<float> > > >)
                0x000000000002e340                Classe_evento::thetarel2part(std::vector<std::vector<float, std::allocator<float> >, std::allocator<std::vector<float, std::allocator<float> > > >, std::vector<std::vector<float, std::allocator<float> >, std::allocator<std::vector<float, std::allocator<float> > > >)
                0x000000000002f150                Classe_evento::pcmmix(int, std::vector<std::vector<std::vector<std::vector<float, std::allocator<float> >, std::allocator<std::vector<float, std::allocator<float> > > >, std::allocator<std::vector<std::vector<float, std::allocator<float> >, std::allocator<std::vector<float, std::allocator<float> > > > > >, std::allocator<std::vector<std::vector<std::vector<float, std::allocator<float> >, std::allocator<std::vector<float, std::allocator<float> > > >, std::allocator<std::vector<std::vector<float, std::allocator<float> >, std::allocator<std::vector<float, std::allocator<float> > > > > > > >, std::vector<std::vector<float, std::allocator<float> >, std::allocator<std::vector<float, std::allocator<float> > > >, std::vector<std::vector<float, std::allocator<float> >, std::allocator<std::vector<float, std::allocator<float> > > >)
                0x000000000002f930                Classe_evento::pmix(int, std::vector<std::vector<std::vector<std::vector<float, std::allocator<float> >, std::allocator<std::vector<float, std::allocator<float> > > >, std::allocator<std::vector<std::vector<float, std::allocator<float> >, std::allocator<std::vector<float, std::allocator<float> > > > > >, std::allocator<std::vector<std::vector<std::vector<float, std::allocator<float> >, std::allocator<std::vector<float, std::allocator<float> > > >, std::allocator<std::vector<std::vector<float, std::allocator<float> >, std::allocator<std::vector<float, std::allocator<float> > > > > > > >, std::vector<std::vector<float, std::allocator<float> >, std::allocator<std::vector<float, std::allocator<float> > > >, std::vector<std::vector<float, std::allocator<float> >, std::allocator<std::vector<float, std::allocator<float> > > >)
                0x0000000000030120                Classe_evento::Vcmmix(int, std::vector<std::vector<std::vector<std::vector<float, std::allocator<float> >, std::allocator<std::vector<float, std::allocator<float> > > >, std::allocator<std::vector<std::vector<float, std::allocator<float> >, std::allocator<std::vector<float, std::allocator<float> > > > > >, std::allocator<std::vector<std::vector<std::vector<float, std::allocator<float> >, std::allocator<std::vector<float, std::allocator<float> > > >, std::allocator<std::vector<std::vector<float, std::allocator<float> >, std::allocator<std::vector<float, std::allocator<float> > > > > > > >, std::vector<std::vector<float, std::allocator<float> >, std::allocator<std::vector<float, std::allocator<float> > > >, std::vector<std::vector<float, std::allocator<float> >, std::allocator<std::vector<float, std::allocator<float> > > >)
                0x0000000000030a20                Classe_evento::pcm2part(std::vector<std::vector<float, std::allocator<float> >, std::allocator<std::vector<float, std::allocator<float> > > >, std::vector<std::vector<float, std::allocator<float> >, std::allocator<std::vector<float, std::allocator<float> > > >)
                0x0000000000031550                Classe_evento::Vcm2part(std::vector<std::vector<float, std::allocator<float> >, std::allocator<std::vector<float, std::allocator<float> > > >, std::vector<std::vector<float, std::allocator<float> >, std::allocator<std::vector<float, std::allocator<float> > > >)
                0x0000000000032230                Classe_evento::prel2part(std::vector<std::vector<float, std::allocator<float> >, std::allocator<std::vector<float, std::allocator<float> > > >, std::vector<std::vector<float, std::allocator<float> >, std::allocator<std::vector<float, std::allocator<float> > > >)
                0x0000000000033000                Classe_evento::Copia_in_Evento(int)
                0x000000000003ab20                Classe_evento::mixatore(int, int, int, int, int, int, int, int)
                0x000000000003d210                Classe_evento::AnalisiPrincipale()
                0x000000000003dc00                Classe_evento::AnalizzaEvento()
 *fill*         0x0000000000041fac        0x4 
 .text._ZNK6TNamed7GetNameEv
                0x0000000000041fb0       0x15 Classe_evento.o
                0x0000000000041fb0                TNamed::GetName() const
 *fill*         0x0000000000041fc5        0xb 
 .text._ZNK12TGraphErrors5GetEYEv
                0x0000000000041fd0        0x8 Classe_evento.o
                0x0000000000041fd0                TGraphErrors::GetEY() const
 *fill*         0x0000000000041fd8        0x8 
 .text._ZN14Classe_formule6carpolEPfS0_S0_S0_
                0x0000000000041fe0      0x19e Classe_evento.o
                0x0000000000041fe0                Classe_formule::carpol(float*, float*, float*, float*)
 *fill*         0x000000000004217e        0x2 
 .text._ZNSt6vectorIS_IfSaIfEESaIS1_EED2Ev
                0x0000000000042180       0x4d Classe_evento.o
                0x0000000000042180                std::vector<std::vector<float, std::allocator<float> >, std::allocator<std::vector<float, std::allocator<float> > > >::~vector()
                0x0000000000042180                std::vector<std::vector<float, std::allocator<float> >, std::allocator<std::vector<float, std::allocator<float> > > >::~vector()
 *fill*         0x00000000000421cd        0x3 
 .text._ZNSt6vectorIS_IS_IS_IfSaIfEESaIS1_EESaIS3_EESaIS5_EED2Ev
                0x00000000000421d0       0xbc Classe_evento.o
                0x00000000000421d0                std::vector<std::vector<std::vector<std::vector<float, std::allocator<float> >, std::allocator<std::vector<float, std::allocator<float> > > >, std::allocator<std::vector<std::vector<float, std::allocator<float> >, std::allocator<std::vector<float, std::allocator<float> > > > > >, std::allocator<std::vector<std::vector<std::vector<float, std::allocator<float> >, std::allocator<std::vector<float, std::allocator<float> > > >, std::allocator<std::vector<std::vector<float, std::allocator<float> >, std::allocator<std::vector<float, std::allocator<float> > > > > > > >::~vector()
                0x00000000000421d0                std::vector<std::vector<std::vector<std::vector<float, std::allocator<float> >, std::allocator<std::vector<float, std::allocator<float> > > >, std::allocator<std::vector<std::vector<float, std::allocator<float> >, std::allocator<std::vector<float, std::allocator<float> > > > > >, std::allocator<std::vector<std::vector<std::vector<float, std::allocator<float> >, std::allocator<std::vector<float, std::allocator<float> > > >, std::allocator<std::vector<std::vector<float, std::allocator<float> >, std::allocator<std::vector<float, std::allocator<float> > > > > > > >::~vector()
 *fill*         0x000000000004228c        0x4 
 .text._ZN5TMath4NintIdEEiT_
                0x0000000000042290       0x60 Classe_evento.o
                0x0000000000042290                int TMath::Nint<double>(double)
 .text._ZNSt6vectorIS_IfSaIfEESaIS1_EEC2ERKS3_
                0x00000000000422f0      0x1b0 Classe_evento.o
                0x00000000000422f0                std::vector<std::vector<float, std::allocator<float> >, std::allocator<std::vector<float, std::allocator<float> > > >::vector(std::vector<std::vector<float, std::allocator<float> >, std::allocator<std::vector<float, std::allocator<float> > > > const&)
                0x00000000000422f0                std::vector<std::vector<float, std::allocator<float> >, std::allocator<std::vector<float, std::allocator<float> > > >::vector(std::vector<std::vector<float, std::allocator<float> >, std::allocator<std::vector<float, std::allocator<float> > > > const&)
 .text._ZNSt6vectorIS_IS_IS_IfSaIfEESaIS1_EESaIS3_EESaIS5_EEC2ERKS7_
                0x00000000000424a0      0x48b Classe_evento.o
                0x00000000000424a0                std::vector<std::vector<std::vector<std::vector<float, std::allocator<float> >, std::allocator<std::vector<float, std::allocator<float> > > >, std::allocator<std::vector<std::vector<float, std::allocator<float> >, std::allocator<std::vector<float, std::allocator<float> > > > > >, std::allocator<std::vector<std::vector<std::vector<float, std::allocator<float> >, std::allocator<std::vector<float, std::allocator<float> > > >, std::allocator<std::vector<std::vector<float, std::allocator<float> >, std::allocator<std::vector<float, std::allocator<float> > > > > > > >::vector(std::vector<std::vector<std::vector<std::vector<float, std::allocator<float> >, std::allocator<std::vector<float, std::allocator<float> > > >, std::allocator<std::vector<std::vector<float, std::allocator<float> >, std::allocator<std::vector<float, std::allocator<float> > > > > >, std::allocator<std::vector<std::vector<std::vector<float, std::allocator<float> >, std::allocator<std::vector<float, std::allocator<float> > > >, std::allocator<std::vector<std::vector<float, std::allocator<float> >, std::allocator<std::vector<float, std::allocator<float> > > > > > > > const&)
                0x00000000000424a0                std::vector<std::vector<std::vector<std::vector<float, std::allocator<float> >, std::allocator<std::vector<float, std::allocator<float> > > >, std::allocator<std::vector<std::vector<float, std::allocator<float> >, std::allocator<std::vector<float, std::allocator<float> > > > > >, std::allocator<std::vector<std::vector<std::vector<float, std::allocator<float> >, std::allocator<std::vector<float, std::allocator<float> > > >, std::allocator<std::vector<std::vector<float, std::allocator<float> >, std::allocator<std::vector<float, std::allocator<float> > > > > > > >::vector(std::vector<std::vector<std::vector<std::vector<float, std::allocator<float> >, std::allocator<std::vector<float, std::allocator<float> > > >, std::allocator<std::vector<std::vector<float, std::allocator<float> >, std::allocator<std::vector<float, std::allocator<float> > > > > >, std::allocator<std::vector<std::vector<std::vector<float, std::allocator<float> >, std::allocator<std::vector<float, std::allocator<float> > > >, std::allocator<std::vector<std::vector<float, std::allocator<float> >, std::allocator<std::vector<float, std::allocator<float> > > > > > > > const&)
 *fill*         0x000000000004292b        0x5 
 .text._ZN5TTree16SetBranchAddressIjEEiPKcPT_PP7TBranch
                0x0000000000042930       0x7b Classe_evento.o
                0x0000000000042930                int TTree::SetBranchAddress<unsigned int>(char const*, unsigned int*, TBranch**)
 *fill*         0x00000000000429ab        0x5 
 .text._ZN5TTree16SetBranchAddressIfEEiPKcPT_PP7TBranch
                0x00000000000429b0       0x7b Classe_evento.o
                0x00000000000429b0                int TTree::SetBranchAddress<float>(char const*, float*, TBranch**)
 *fill*         0x0000000000042a2b        0x5 
 .text._ZN5TTree16SetBranchAddressIiEEiPKcPT_PP7TBranch
                0x0000000000042a30       0x7b Classe_evento.o
                0x0000000000042a30                int TTree::SetBranchAddress<int>(char const*, int*, TBranch**)
 *fill*         0x0000000000042aab        0x5 
 .text._ZN5TTree16SetBranchAddressIA1000_iEEiPKcPT_PP7TBranch
                0x0000000000042ab0       0x7b Classe_evento.o
                0x0000000000042ab0                int TTree::SetBranchAddress<int [1000]>(char const*, int (*) [1000], TBranch**)
 *fill*         0x0000000000042b2b        0x5 
 .text._ZN5TTree16SetBranchAddressIA1000_fEEiPKcPT_PP7TBranch
                0x0000000000042b30       0x7b Classe_evento.o
                0x0000000000042b30                int TTree::SetBranchAddress<float [1000]>(char const*, float (*) [1000], TBranch**)
 *fill*         0x0000000000042bab        0x5 
 .text._ZNSt6vectorIS_IfSaIfEESaIS1_EE19_M_emplace_back_auxIJRKS1_EEEvDpOT_
                0x0000000000042bb0      0x264 Classe_evento.o
                0x0000000000042bb0                void std::vector<std::vector<float, std::allocator<float> >, std::allocator<std::vector<float, std::allocator<float> > > >::_M_emplace_back_aux<std::vector<float, std::allocator<float> > const&>(std::vector<float, std::allocator<float> > const&)
 *fill*         0x0000000000042e14        0xc 
 .text._ZNSt6vectorIS_IfSaIfEESaIS1_EE9push_backERKS1_
                0x0000000000042e20       0xd4 Classe_evento.o
                0x0000000000042e20                std::vector<std::vector<float, std::allocator<float> >, std::allocator<std::vector<float, std::allocator<float> > > >::push_back(std::vector<float, std::allocator<float> > const&)
 *fill*         0x0000000000042ef4        0xc 
 .text._ZNSt6vectorIiSaIiEE19_M_emplace_back_auxIJiEEEvDpOT_
                0x0000000000042f00       0xdc Classe_evento.o
                0x0000000000042f00                void std::vector<int, std::allocator<int> >::_M_emplace_back_aux<int>(int&&)
 *fill*         0x0000000000042fdc        0x4 
 .text._ZNSt6vectorIiSaIiEE12emplace_backIJiEEEvDpOT_
                0x0000000000042fe0       0x25 Classe_evento.o
                0x0000000000042fe0                void std::vector<int, std::allocator<int> >::emplace_back<int>(int&&)
 *fill*         0x0000000000043005        0xb 
 .text._ZNSt6vectorIiSaIiEE9push_backERKi
                0x0000000000043010       0x25 Classe_evento.o
                0x0000000000043010                std::vector<int, std::allocator<int> >::push_back(int const&)
 *fill*         0x0000000000043035        0xb 
 .text._ZNSt6vectorIfSaIfEE19_M_emplace_back_auxIJfEEEvDpOT_
                0x0000000000043040       0xe4 Classe_evento.o
                0x0000000000043040                void std::vector<float, std::allocator<float> >::_M_emplace_back_aux<float>(float&&)
 *fill*         0x0000000000043124        0xc 
 .text._ZNSt6vectorIfSaIfEE12emplace_backIJfEEEvDpOT_
                0x0000000000043130       0x25 Classe_evento.o
                0x0000000000043130                void std::vector<float, std::allocator<float> >::emplace_back<float>(float&&)
 *fill*         0x0000000000043155        0xb 
 .text._ZNSt6vectorIfSaIfEE9push_backERKf
                0x0000000000043160       0x25 Classe_evento.o
                0x0000000000043160                std::vector<float, std::allocator<float> >::push_back(float const&)
 *fill*         0x0000000000043185        0xb 
 .text._ZNSt6vectorIfSaIfEEaSERKS1_
                0x0000000000043190      0x15e Classe_evento.o
                0x0000000000043190                std::vector<float, std::allocator<float> >::operator=(std::vector<float, std::allocator<float> > const&)
 *fill*         0x00000000000432ee        0x2 
 .text._ZNSt6vectorIS_IfSaIfEESaIS1_EEaSERKS3_
                0x00000000000432f0      0x3e0 Classe_evento.o
                0x00000000000432f0                std::vector<std::vector<float, std::allocator<float> >, std::allocator<std::vector<float, std::allocator<float> > > >::operator=(std::vector<std::vector<float, std::allocator<float> >, std::allocator<std::vector<float, std::allocator<float> > > > const&)
 .text._ZSt13__adjust_heapIPiliN9__gnu_cxx5__ops15_Iter_comp_iterI11CompareDescIPKiEEEEvT_T0_SA_T1_T2_
                0x00000000000436d0      0x123 Classe_evento.o
                0x00000000000436d0                void std::__adjust_heap<int*, long, int, __gnu_cxx::__ops::_Iter_comp_iter<CompareDesc<int const*> > >(int*, long, long, int, __gnu_cxx::__ops::_Iter_comp_iter<CompareDesc<int const*> >)
 *fill*         0x00000000000437f3        0xd 
 .text._ZSt16__introsort_loopIPilN9__gnu_cxx5__ops15_Iter_comp_iterI11CompareDescIPKiEEEEvT_S9_T0_T1_
                0x0000000000043800      0x1bf Classe_evento.o
                0x0000000000043800                void std::__introsort_loop<int*, long, __gnu_cxx::__ops::_Iter_comp_iter<CompareDesc<int const*> > >(int*, int*, long, __gnu_cxx::__ops::_Iter_comp_iter<CompareDesc<int const*> >)
 *fill*         0x00000000000439bf        0x1 
 .text._ZSt13__adjust_heapIPiliN9__gnu_cxx5__ops15_Iter_comp_iterI10CompareAscIPKiEEEEvT_T0_SA_T1_T2_
                0x00000000000439c0      0x123 Classe_evento.o
                0x00000000000439c0                void std::__adjust_heap<int*, long, int, __gnu_cxx::__ops::_Iter_comp_iter<CompareAsc<int const*> > >(int*, long, long, int, __gnu_cxx::__ops::_Iter_comp_iter<CompareAsc<int const*> >)
 *fill*         0x0000000000043ae3        0xd 
 .text._ZSt16__introsort_loopIPilN9__gnu_cxx5__ops15_Iter_comp_iterI10CompareAscIPKiEEEEvT_S9_T0_T1_
                0x0000000000043af0      0x1bf Classe_evento.o
                0x0000000000043af0                void std::__introsort_loop<int*, long, __gnu_cxx::__ops::_Iter_comp_iter<CompareAsc<int const*> > >(int*, int*, long, __gnu_cxx::__ops::_Iter_comp_iter<CompareAsc<int const*> >)
 *fill*         0x0000000000043caf        0x1 
 .text._ZN5TMath4SortIiiEEvT0_PKT_PS1_b
                0x0000000000043cb0      0x5fe Classe_evento.o
                0x0000000000043cb0                void TMath::Sort<int, int>(int, int const*, int*, bool)
 *fill*         0x00000000000442ae        0x2 
 .text          0x00000000000442b0     0x34ec Classe_analisi.o
                0x00000000000442b0                Classe_analisi::Set_Eventi(int*, int*, int*, int)
                0x00000000000444e0                Classe_analisi::Set_Reazione(int, int, int, int, float, float)
                0x00000000000449b0                Classe_analisi::Set_ReazioneVera(int, int, int, int, float, float)
                0x0000000000045030                Classe_analisi::Set_TrigPlastichino(int)
                0x0000000000045040                Classe_analisi::ApriFileUscita(char*)
                0x00000000000450b0                Classe_analisi::ScriviFileUscita()
                0x00000000000451d0                Classe_analisi::Leggi_Wapstra()
                0x00000000000453c0                Classe_analisi::Loop_eventi()
                0x0000000000046880                Classe_analisi::Getanalisi()
                0x00000000000471b0                Classe_analisi::DefinisciHisto(char*)
                0x0000000000047580                Classe_analisi::CreaNtupla()
 *fill*         0x000000000004779c        0x4 
 .text._ZN10TAttMarker14SetMarkerStyleEs
                0x00000000000477a0        0x5 Classe_analisi.o
                0x00000000000477a0                TAttMarker::SetMarkerStyle(short)
 *fill*         0x00000000000477a5        0xb 
 .text._ZN13Classe_evento6MixParD2Ev
                0x00000000000477b0      0x370 Classe_analisi.o
                0x00000000000477b0                Classe_evento::MixPar::~MixPar()
                0x00000000000477b0                Classe_evento::MixPar::~MixPar()
 .text._ZN13Classe_eventoUt_D2Ev
                0x0000000000047b20      0x265 Classe_analisi.o
                0x0000000000047b20                Classe_evento::{unnamed type#1}::~Classe_evento()
                0x0000000000047b20                Classe_evento::{unnamed type#1}::~Classe_evento()
 *fill*         0x0000000000047d85        0xb 
 .text._ZNSt6vectorIS_IfSaIfEESaIS1_EE17_M_default_appendEm
                0x0000000000047d90      0x234 Classe_analisi.o
                0x0000000000047d90                std::vector<std::vector<float, std::allocator<float> >, std::allocator<std::vector<float, std::allocator<float> > > >::_M_default_append(unsigned long)
 *fill*         0x0000000000047fc4        0xc 
 .text._ZNSt6vectorIS_IS_IfSaIfEESaIS1_EESaIS3_EE17_M_default_appendEm
                0x0000000000047fd0      0x24c Classe_analisi.o
                0x0000000000047fd0                std::vector<std::vector<std::vector<float, std::allocator<float> >, std::allocator<std::vector<float, std::allocator<float> > > >, std::allocator<std::vector<std::vector<float, std::allocator<float> >, std::allocator<std::vector<float, std::allocator<float> > > > > >::_M_default_append(unsigned long)
 *fill*         0x000000000004821c        0x4 
 .text._ZNSt6vectorIS_IS_IS_IfSaIfEESaIS1_EESaIS3_EESaIS5_EE17_M_default_appendEm
                0x0000000000048220      0x293 Classe_analisi.o
                0x0000000000048220                std::vector<std::vector<std::vector<std::vector<float, std::allocator<float> >, std::allocator<std::vector<float, std::allocator<float> > > >, std::allocator<std::vector<std::vector<float, std::allocator<float> >, std::allocator<std::vector<float, std::allocator<float> > > > > >, std::allocator<std::vector<std::vector<std::vector<float, std::allocator<float> >, std::allocator<std::vector<float, std::allocator<float> > > >, std::allocator<std::vector<std::vector<float, std::allocator<float> >, std::allocator<std::vector<float, std::allocator<float> > > > > > > >::_M_default_append(unsigned long)
 *fill*         0x00000000000484b3        0xd 
 .text._ZNSt6vectorIiSaIiEE17_M_default_appendEm
                0x00000000000484c0      0x15d Classe_analisi.o
                0x00000000000484c0                std::vector<int, std::allocator<int> >::_M_default_append(unsigned long)
 *fill*         0x000000000004861d        0x3 
 .text          0x0000000000048620     0x502d perdenc.o
                0x0000000000048620                schwalm
                0x0000000000048a50                dedx
                0x0000000000048b30                nudedx
                0x0000000000048d90                leggimate
                0x0000000000048ea0                integrale
                0x0000000000048f30                creatab
                0x000000000004a3c0                elosscore
                0x000000000004af10                mateveda
                0x000000000004b0e0                eloss
                0x000000000004b9b0                eorig
                0x000000000004c240                e2range
                0x000000000004c540                range2e
                0x000000000004c820                e2spes
                0x000000000004cb30                spes2e
 *fill*         0x000000000004d64d        0x3 
 .text          0x000000000004d650       0x38 faianalisi.o
                0x000000000004d650                mysignal(int)
 *fill*         0x000000000004d688        0x8 
 .text          0x000000000004d690      0x1be relkin.o
                0x000000000004d690                relkin_
 *fill*         0x000000000004d84e        0x2 
 .text          0x000000000004d850       0x72 /usr/lib/x86_64-linux-gnu/libc_nonshared.a(elf-init.oS)
                0x000000000004d850                __libc_csu_init
                0x000000000004d8c0                __libc_csu_fini
 .text          0x000000000004d8c2        0x0 /usr/lib/gcc/x86_64-linux-gnu/6/crtendS.o
 .text          0x000000000004d8c2        0x0 /usr/lib/gcc/x86_64-linux-gnu/6/../../../x86_64-linux-gnu/crtn.o
 *(.gnu.warning)

.fini           0x000000000004d8c4        0x9
 *(SORT(.fini))
 .fini          0x000000000004d8c4        0x4 /usr/lib/gcc/x86_64-linux-gnu/6/../../../x86_64-linux-gnu/crti.o
                0x000000000004d8c4                _fini
 .fini          0x000000000004d8c8        0x5 /usr/lib/gcc/x86_64-linux-gnu/6/../../../x86_64-linux-gnu/crtn.o
                [!provide]                        PROVIDE (__etext, .)
                [!provide]                        PROVIDE (_etext, .)
                [!provide]                        PROVIDE (etext, .)

.rodata         0x000000000004d8e0     0x4c10
 *(.rodata .rodata.* .gnu.linkonce.r.*)
 .rodata.cst4   0x000000000004d8e0        0x4 /usr/lib/gcc/x86_64-linux-gnu/6/../../../x86_64-linux-gnu/Scrt1.o
                0x000000000004d8e0                _IO_stdin_used
 .rodata.str1.1
                0x000000000004d8e4        0xb vedaloss.o
 *fill*         0x000000000004d8ef        0x1 
 .rodata        0x000000000004d8f0       0x3e vedaloss.o
 *fill*         0x000000000004d92e        0x2 
 .rodata.cst8   0x000000000004d930      0x178 vedaloss.o
 .rodata.str1.1
                0x000000000004daa8        0xd ecorr_veda.o
 *fill*         0x000000000004dab5        0xb 
 .rodata        0x000000000004dac0      0x188 ecorr_veda.o
 .rodata.cst8   0x000000000004dc48       0xc0 ecorr_veda.o
                                         0xe0 (size before relaxing)
 *fill*         0x000000000004dd08        0x8 
 .rodata.cst16  0x000000000004dd10       0x10 ecorr_veda.o
 .rodata.cst4   0x000000000004dd20        0xc ecorr_veda.o
 .rodata.str1.1
                0x000000000004dd2c        0xd theta_flow.o
 .rodata        0x000000000004dd39       0x19 theta_flow.o
 *fill*         0x000000000004dd52        0xe 
 .rodata.cst16  0x000000000004dd60       0x10 theta_flow.o
                                         0x20 (size before relaxing)
 .rodata.cst8   0x000000000004dd70       0x20 theta_flow.o
                                         0x28 (size before relaxing)
 .rodata.cst4   0x000000000004dd90        0x8 theta_flow.o
                                          0xc (size before relaxing)
 .rodata._ZN14Classe_formule6QualeAEi
                0x000000000004dd98       0x24 Classe_geo.o
 .rodata.str1.1
                0x000000000004ddbc      0x3f2 Classe_geo.o
                                        0x493 (size before relaxing)
 *fill*         0x000000000004e1ae        0x2 
 .rodata.str1.8
                0x000000000004e1b0      0x6ea Classe_geo.o
 *fill*         0x000000000004e89a        0x6 
 .rodata        0x000000000004e8a0      0x4a2 Classe_geo.o
 *fill*         0x000000000004ed42        0x6 
 .rodata.cst8   0x000000000004ed48      0x1e8 Classe_geo.o
                                        0x230 (size before relaxing)
 .rodata.cst16  0x000000000004ef30      0x140 Classe_geo.o
                                        0x160 (size before relaxing)
 .rodata.cst4   0x000000000004f070       0x90 Classe_geo.o
                                         0xa0 (size before relaxing)
 .rodata.str1.8
                0x000000000004f100      0x1ba Classe_evento.o
 .rodata.str1.1
                0x000000000004f2ba      0x378 Classe_evento.o
                                        0x39b (size before relaxing)
 *fill*         0x000000000004f632        0xe 
 .rodata        0x000000000004f640     0x1384 Classe_evento.o
 *fill*         0x00000000000509c4        0x4 
 .rodata._ZTSA1000_i
                0x00000000000509c8        0x8 Classe_evento.o
                0x00000000000509c8                typeinfo name for int [1000]
 .rodata._ZTSA1000_f
                0x00000000000509d0        0x8 Classe_evento.o
                0x00000000000509d0                typeinfo name for float [1000]
 .rodata.cst8   0x00000000000509d8      0x188 Classe_evento.o
                                        0x270 (size before relaxing)
 .rodata.cst4   0x0000000000050b60       0x14 Classe_evento.o
                                         0x50 (size before relaxing)
 *fill*         0x0000000000050b74        0xc 
 .rodata.cst16  0x0000000000050b80       0x40 Classe_evento.o
                                         0x70 (size before relaxing)
 .rodata.str1.1
                0x0000000000050bc0      0x1c4 Classe_analisi.o
                                        0x1fb (size before relaxing)
 *fill*         0x0000000000050d84        0x4 
 .rodata.str1.8
                0x0000000000050d88      0x1ec Classe_analisi.o
 .rodata._ZNSt6vectorIS_IfSaIfEESaIS1_EE17_M_default_appendEm.str1.1
                0x0000000000050f74       0x1a Classe_analisi.o
 *fill*         0x0000000000050f8e        0x2 
 .rodata.cst4   0x0000000000050f90        0x4 Classe_analisi.o
                                         0x10 (size before relaxing)
 *fill*         0x0000000000050f94        0x4 
 .rodata.cst8   0x0000000000050f98       0x28 Classe_analisi.o
                                         0x68 (size before relaxing)
 .rodata.cst16  0x0000000000050fc0       0x10 Classe_analisi.o
                                         0x20 (size before relaxing)
 *fill*         0x0000000000050fd0       0x10 
 .rodata        0x0000000000050fe0      0xa30 perdenc.o
                0x0000000000051760                M
 .rodata.str1.1
                0x0000000000051a10       0x6f perdenc.o
                                         0x7f (size before relaxing)
 *fill*         0x0000000000051a7f        0x1 
 .rodata.str1.8
                0x0000000000051a80      0x283 perdenc.o
 *fill*         0x0000000000051d03        0x5 
 .rodata.cst8   0x0000000000051d08      0x1c8 perdenc.o
                                        0x258 (size before relaxing)
 .rodata.cst16  0x0000000000051ed0       0x10 perdenc.o
                                         0x20 (size before relaxing)
 .rodata.cst4   0x0000000000051ee0       0x10 perdenc.o
 .rodata.str1.8
                0x0000000000051ee0      0x260 faianalisi.o
                                        0x25e (size before relaxing)
 .rodata.str1.1
                0x0000000000052140      0x39a faianalisi.o
                                        0x3e8 (size before relaxing)
 .rodata.cst4   0x00000000000524da        0x4 faianalisi.o
 *fill*         0x00000000000524da        0x6 
 .rodata.cst8   0x00000000000524e0       0x10 relkin.o
                                         0x18 (size before relaxing)

.rodata1
 *(.rodata1)

.eh_frame_hdr   0x00000000000524f0      0x574
 *(.eh_frame_hdr)
 .eh_frame_hdr  0x00000000000524f0      0x574 /usr/lib/gcc/x86_64-linux-gnu/6/../../../x86_64-linux-gnu/Scrt1.o
                0x00000000000524f0                __GNU_EH_FRAME_HDR
 *(.eh_frame_entry .eh_frame_entry.*)

.eh_frame       0x0000000000052a68     0x2f0c
 *(.eh_frame)
 .eh_frame      0x0000000000052a68       0x30 /usr/lib/gcc/x86_64-linux-gnu/6/../../../x86_64-linux-gnu/Scrt1.o
 .eh_frame      0x0000000000052a98       0x40 /usr/lib/gcc/x86_64-linux-gnu/6/../../../x86_64-linux-gnu/Scrt1.o
 .eh_frame      0x0000000000052ad8       0x18 /usr/lib/gcc/x86_64-linux-gnu/6/../../../x86_64-linux-gnu/Scrt1.o
                                         0x30 (size before relaxing)
 .eh_frame      0x0000000000052af0       0x80 vedaloss.o
                                         0x98 (size before relaxing)
 .eh_frame      0x0000000000052b70      0x2e8 ecorr_veda.o
                                        0x2e0 (size before relaxing)
 .eh_frame      0x0000000000052e58      0x2f8 theta_flow.o
 .eh_frame      0x0000000000053150      0xc90 Classe_geo.o
                                        0xc58 (size before relaxing)
 .eh_frame      0x0000000000053de0     0x1060 Classe_evento.o
                                       0x1068 (size before relaxing)
 .eh_frame      0x0000000000054e40      0x528 Classe_analisi.o
                                        0x5b0 (size before relaxing)
 .eh_frame      0x0000000000055368      0x4a8 perdenc.o
 .eh_frame      0x0000000000055810       0xd0 faianalisi.o
                                        0x158 (size before relaxing)
 .eh_frame      0x00000000000558e0       0x30 relkin.o
                                         0x48 (size before relaxing)
 .eh_frame      0x0000000000055910       0x60 /usr/lib/x86_64-linux-gnu/libc_nonshared.a(elf-init.oS)
                                         0x78 (size before relaxing)
 .eh_frame      0x0000000000055970        0x4 /usr/lib/gcc/x86_64-linux-gnu/6/crtendS.o
 *(.eh_frame.*)

.gcc_except_table
                0x0000000000055974      0xb08
 *(.gcc_except_table .gcc_except_table.*)
 .gcc_except_table._ZN6TNamedC2EPKcS1_
                0x0000000000055974       0x14 Classe_geo.o
 .gcc_except_table
                0x0000000000055988      0x234 Classe_geo.o
 .gcc_except_table
                0x0000000000055bbc      0x657 Classe_evento.o
 .gcc_except_table
                0x0000000000056213       0x9a Classe_analisi.o
 .gcc_except_table
                0x00000000000562ad      0x1cf faianalisi.o

.gnu_extab
 *(.gnu_extab*)

.exception_ranges
 *(.exception_ranges .exception_ranges*)
                0x00000000002569a8                . = DATA_SEGMENT_ALIGN (CONSTANT (MAXPAGESIZE), CONSTANT (COMMONPAGESIZE))

.eh_frame
 *(.eh_frame)
 *(.eh_frame.*)

.gnu_extab
 *(.gnu_extab)

.gcc_except_table
 *(.gcc_except_table .gcc_except_table.*)

.exception_ranges
 *(.exception_ranges .exception_ranges*)

.tdata
 *(.tdata .tdata.* .gnu.linkonce.td.*)

.tbss
 *(.tbss .tbss.* .gnu.linkonce.tb.*)
 *(.tcommon)

.preinit_array  0x00000000002569a8        0x0
                [!provide]                        PROVIDE (__preinit_array_start, .)
 *(.preinit_array)
                [!provide]                        PROVIDE (__preinit_array_end, .)

.init_array     0x00000000002569a8       0x28
                0x00000000002569a8                PROVIDE (__init_array_start, .)
 *(SORT(.init_array.*) SORT(.ctors.*))
 *(.init_array EXCLUDE_FILE(*crtend?.o *crtend.o *crtbegin?.o *crtbegin.o) .ctors)
 .init_array    0x00000000002569a8        0x8 /usr/lib/gcc/x86_64-linux-gnu/6/crtbeginS.o
 .init_array    0x00000000002569b0        0x8 Classe_geo.o
 .init_array    0x00000000002569b8        0x8 Classe_evento.o
 .init_array    0x00000000002569c0        0x8 Classe_analisi.o
 .init_array    0x00000000002569c8        0x8 faianalisi.o
                0x00000000002569d0                PROVIDE (__init_array_end, .)

.fini_array     0x00000000002569d0        0x8
                [!provide]                        PROVIDE (__fini_array_start, .)
 *(SORT(.fini_array.*) SORT(.dtors.*))
 *(.fini_array EXCLUDE_FILE(*crtend?.o *crtend.o *crtbegin?.o *crtbegin.o) .dtors)
 .fini_array    0x00000000002569d0        0x8 /usr/lib/gcc/x86_64-linux-gnu/6/crtbeginS.o
                [!provide]                        PROVIDE (__fini_array_end, .)

.ctors
 *crtbegin.o(.ctors)
 *crtbegin?.o(.ctors)
 *(EXCLUDE_FILE(*crtend?.o *crtend.o) .ctors)
 *(SORT(.ctors.*))
 *(.ctors)

.dtors
 *crtbegin.o(.dtors)
 *crtbegin?.o(.dtors)
 *(EXCLUDE_FILE(*crtend?.o *crtend.o) .dtors)
 *(SORT(.dtors.*))
 *(.dtors)

.jcr            0x00000000002569d8        0x8
 *(.jcr)
 .jcr           0x00000000002569d8        0x0 /usr/lib/gcc/x86_64-linux-gnu/6/crtbeginS.o
 .jcr           0x00000000002569d8        0x8 /usr/lib/gcc/x86_64-linux-gnu/6/crtendS.o

.data.rel.ro    0x00000000002569e0      0x298
 *(.data.rel.ro.local* .gnu.linkonce.d.rel.ro.local.*)
 *(.data.rel.ro .data.rel.ro.* .gnu.linkonce.d.rel.ro.*)
 *fill*         0x00000000002569e0        0x0 
 .data.rel.ro   0x00000000002569e0      0x278 /usr/lib/gcc/x86_64-linux-gnu/6/../../../x86_64-linux-gnu/Scrt1.o
                0x00000000002569e0                typeinfo for double@@CXXABI_1.3
                0x0000000000256a00                typeinfo for unsigned int@@CXXABI_1.3
                0x0000000000256a20                typeinfo for char@@CXXABI_1.3
                0x0000000000256a30                typeinfo for int@@CXXABI_1.3
                0x0000000000256a40                typeinfo for float@@CXXABI_1.3
                0x0000000000256a50                vtable for TNamed
 .data.rel.ro._ZTIA1000_i
                0x0000000000256c58       0x10 Classe_evento.o
                0x0000000000256c58                typeinfo for int [1000]
 .data.rel.ro._ZTIA1000_f
                0x0000000000256c68       0x10 Classe_evento.o
                0x0000000000256c68                typeinfo for float [1000]

.dynamic        0x0000000000256c78      0x340
 *(.dynamic)
 .dynamic       0x0000000000256c78      0x340 /usr/lib/gcc/x86_64-linux-gnu/6/../../../x86_64-linux-gnu/Scrt1.o
                0x0000000000256c78                _DYNAMIC

.got            0x0000000000256fb8       0x38
 *(.got)
 .got           0x0000000000256fb8       0x38 /usr/lib/gcc/x86_64-linux-gnu/6/../../../x86_64-linux-gnu/Scrt1.o
 *(.igot)
                0x0000000000257fe8                . = DATA_SEGMENT_RELRO_END (., (SIZEOF (.got.plt) >= 0x18)?0x18:0x0)

.got.plt        0x0000000000257000      0x370
 *(.got.plt)
 .got.plt       0x0000000000257000      0x370 /usr/lib/gcc/x86_64-linux-gnu/6/../../../x86_64-linux-gnu/Scrt1.o
                0x0000000000257000                _GLOBAL_OFFSET_TABLE_
 *(.igot.plt)

.data           0x0000000000257370       0x18
 *(.data .data.* .gnu.linkonce.d.*)
 .data          0x0000000000257370        0x4 /usr/lib/gcc/x86_64-linux-gnu/6/../../../x86_64-linux-gnu/Scrt1.o
                0x0000000000257370                __data_start
                0x0000000000257370                data_start
 .data          0x0000000000257374        0x0 /usr/lib/gcc/x86_64-linux-gnu/6/../../../x86_64-linux-gnu/crti.o
 .data          0x0000000000257374        0x0 /usr/lib/gcc/x86_64-linux-gnu/6/crtbeginS.o
 *fill*         0x0000000000257374        0x4 
 .data.rel.local
                0x0000000000257378        0x8 /usr/lib/gcc/x86_64-linux-gnu/6/crtbeginS.o
                0x0000000000257378                __dso_handle
 .data          0x0000000000257380        0x0 vedaloss.o
 .data          0x0000000000257380        0x0 ecorr_veda.o
 .data          0x0000000000257380        0x0 theta_flow.o
 .data          0x0000000000257380        0x0 Classe_geo.o
 .data.DW.ref.__gxx_personality_v0
                0x0000000000257380        0x8 Classe_geo.o
                0x0000000000257380                DW.ref.__gxx_personality_v0
 .data          0x0000000000257388        0x0 Classe_evento.o
 .data          0x0000000000257388        0x0 Classe_analisi.o
 .data          0x0000000000257388        0x0 perdenc.o
 .data          0x0000000000257388        0x0 faianalisi.o
 .data          0x0000000000257388        0x0 relkin.o
 .data          0x0000000000257388        0x0 /usr/lib/x86_64-linux-gnu/libc_nonshared.a(elf-init.oS)
 .data          0x0000000000257388        0x0 /usr/lib/gcc/x86_64-linux-gnu/6/crtendS.o
 .data          0x0000000000257388        0x0 /usr/lib/gcc/x86_64-linux-gnu/6/../../../x86_64-linux-gnu/crtn.o

.tm_clone_table
                0x0000000000257388        0x0
 .tm_clone_table
                0x0000000000257388        0x0 /usr/lib/gcc/x86_64-linux-gnu/6/crtbeginS.o
 .tm_clone_table
                0x0000000000257388        0x0 /usr/lib/gcc/x86_64-linux-gnu/6/crtendS.o

.data1
 *(.data1)
                0x0000000000257388                _edata = .
                [!provide]                        PROVIDE (edata, .)
                0x0000000000257388                . = .
                0x0000000000257388                __bss_start = .

.bss            0x00000000002573a0    0x51950
 *(.dynbss)
 .dynbss        0x00000000002573a0      0x130 /usr/lib/gcc/x86_64-linux-gnu/6/../../../x86_64-linux-gnu/Scrt1.o
                0x00000000002573a0                gRandom
                0x00000000002573c0                std::cout@@GLIBCXX_3.4
 *(.bss .bss.* .gnu.linkonce.b.*)
 .bss           0x00000000002574d0        0x0 /usr/lib/gcc/x86_64-linux-gnu/6/../../../x86_64-linux-gnu/Scrt1.o
 .bss           0x00000000002574d0        0x0 /usr/lib/gcc/x86_64-linux-gnu/6/../../../x86_64-linux-gnu/crti.o
 .bss           0x00000000002574d0        0x1 /usr/lib/gcc/x86_64-linux-gnu/6/crtbeginS.o
 .bss           0x00000000002574d1        0x0 vedaloss.o
 .bss           0x00000000002574d1        0x0 ecorr_veda.o
 .bss           0x00000000002574d1        0x0 theta_flow.o
 *fill*         0x00000000002574d1        0x7 
 .bss           0x00000000002574d8        0xa Classe_geo.o
                0x00000000002574d8                Classe_geo::geo
 .bss           0x00000000002574e2        0x2 Classe_evento.o
 *fill*         0x00000000002574e4        0x4 
 .bss           0x00000000002574e8        0xa Classe_analisi.o
                0x00000000002574e8                Classe_analisi::ana
 *fill*         0x00000000002574f2        0x6 
 .bss           0x00000000002574f8        0x8 perdenc.o
                0x00000000002574f8                db
 .bss           0x0000000000257500        0x2 faianalisi.o
 .bss           0x0000000000257502        0x0 relkin.o
 .bss           0x0000000000257502        0x0 /usr/lib/x86_64-linux-gnu/libc_nonshared.a(elf-init.oS)
 .bss           0x0000000000257502        0x0 /usr/lib/gcc/x86_64-linux-gnu/6/crtendS.o
 .bss           0x0000000000257502        0x0 /usr/lib/gcc/x86_64-linux-gnu/6/../../../x86_64-linux-gnu/crtn.o
 *(COMMON)
 *fill*         0x0000000000257502       0x1e 
 COMMON         0x0000000000257520    0x4ff30 vedaloss.o
                0x0000000000257520                mainve_
 *fill*         0x00000000002a7450       0x10 
 COMMON         0x00000000002a7460       0xd8 ecorr_veda.o
                0x00000000002a7460                los_
                0x00000000002a74f0                toto_
                0x00000000002a7500                estrapo_
                0x00000000002a7520                statevt_
 *fill*         0x00000000002a7538        0x8 
 COMMON         0x00000000002a7540     0x17b0 theta_flow.o
                0x00000000002a7540                eigen_
                0x00000000002a7580                perflowpvec_
                0x00000000002a8cf0                . = ALIGN ((. != 0x0)?0x8:0x1)

.lbss
 *(.dynlbss)
 *(.lbss .lbss.* .gnu.linkonce.lb.*)
 *(LARGE_COMMON)
                0x00000000002a8cf0                . = ALIGN (0x8)
                0x00000000002a8cf0                . = SEGMENT_START ("ldata-segment", .)

.lrodata
 *(.lrodata .lrodata.* .gnu.linkonce.lr.*)

.ldata          0x00000000006a8cf0        0x0
 *(.ldata .ldata.* .gnu.linkonce.l.*)
                0x00000000006a8cf0                . = ALIGN ((. != 0x0)?0x8:0x1)
                0x00000000006a8cf0                . = ALIGN (0x8)
                0x00000000006a8cf0                _end = .
                [!provide]                        PROVIDE (end, .)
                0x00000000006a8cf0                . = DATA_SEGMENT_END (.)

.stab
 *(.stab)

.stabstr
 *(.stabstr)

.stab.excl
 *(.stab.excl)

.stab.exclstr
 *(.stab.exclstr)

.stab.index
 *(.stab.index)

.stab.indexstr
 *(.stab.indexstr)

.comment        0x0000000000000000       0x2d
 *(.comment)
 .comment       0x0000000000000000       0x2d /usr/lib/gcc/x86_64-linux-gnu/6/crtbeginS.o
                                         0x2e (size before relaxing)
 .comment       0x000000000000002d       0x2e vedaloss.o
 .comment       0x000000000000002d       0x2e ecorr_veda.o
 .comment       0x000000000000002d       0x2e theta_flow.o
 .comment       0x000000000000002d       0x2e Classe_geo.o
 .comment       0x000000000000002d       0x2e Classe_evento.o
 .comment       0x000000000000002d       0x2e Classe_analisi.o
 .comment       0x000000000000002d       0x2e perdenc.o
 .comment       0x000000000000002d       0x2e faianalisi.o
 .comment       0x000000000000002d       0x2e relkin.o
 .comment       0x000000000000002d       0x2e /usr/lib/gcc/x86_64-linux-gnu/6/crtendS.o

.debug
 *(.debug)

.line
 *(.line)

.debug_srcinfo
 *(.debug_srcinfo)

.debug_sfnames
 *(.debug_sfnames)

.debug_aranges
 *(.debug_aranges)

.debug_pubnames
 *(.debug_pubnames)

.debug_info
 *(.debug_info .gnu.linkonce.wi.*)

.debug_abbrev
 *(.debug_abbrev)

.debug_line
 *(.debug_line .debug_line.* .debug_line_end)

.debug_frame
 *(.debug_frame)

.debug_str
 *(.debug_str)

.debug_loc
 *(.debug_loc)

.debug_macinfo
 *(.debug_macinfo)

.debug_weaknames
 *(.debug_weaknames)

.debug_funcnames
 *(.debug_funcnames)

.debug_typenames
 *(.debug_typenames)

.debug_varnames
 *(.debug_varnames)

.debug_pubtypes
 *(.debug_pubtypes)

.debug_ranges
 *(.debug_ranges)

.debug_macro
 *(.debug_macro)

.debug_addr
 *(.debug_addr)

.gnu.attributes
 *(.gnu.attributes)

/DISCARD/
 *(.note.GNU-stack)
 *(.gnu_debuglink)
 *(.gnu.lto_*)
OUTPUT(faianalisi.out elf64-x86-64)
